ERA5 operational (1991-2020 clim) events: POD=0.574 FAR=0.571 n=312 | bucket open loop (1991-2020 clim): POD=0.404 FAR=0.635
            variant     R    lo    hi  R_train  R_test  dR_V0  dR_V0_lo  dR_V0_hi  dR_V0_test  dR_ERA5  dR_ERA5_lo  dR_ERA5_hi  dR_ERA5_test  dR_ERA5_test_lo  dR_ERA5_test_hi   POD   FAR  BS_det  BS_ens  BSS_ens_vs_clim  BS_ens_test  spread_over_rmse
  ERA5_0_100 (v1.0) 0.583 0.500 0.665      NaN   0.671    NaN       NaN       NaN         NaN      NaN         NaN         NaN           NaN              NaN              NaN 0.511 0.467   0.141     NaN              NaN          NaN               NaN
          ERA5_7_28 0.693 0.621 0.748      NaN   0.754    NaN       NaN       NaN         NaN      NaN         NaN         NaN           NaN              NaN              NaN 0.617 0.383   0.115     NaN              NaN          NaN               NaN
det_openloop_bucket 0.575 0.489 0.659      NaN   0.667    NaN       NaN       NaN         NaN      NaN         NaN         NaN           NaN              NaN              NaN 0.404 0.568   0.170     NaN              NaN          NaN               NaN
                 V0 0.582 0.494 0.664    0.519   0.670  0.000     0.000     0.000       0.000   -0.001      -0.044       0.037        -0.000           -0.041            0.029 0.532 0.479   0.144   0.103            0.213        0.062             1.038
                 V1 0.558 0.465 0.638    0.522   0.601 -0.024    -0.090     0.047      -0.069   -0.025      -0.095       0.042        -0.070           -0.186            0.018 0.574 0.550   0.170   0.102            0.216        0.055             0.840
           V2_p0.36 0.556 0.463 0.636    0.530   0.584 -0.027    -0.094     0.048      -0.087   -0.028      -0.098       0.040        -0.087           -0.206            0.004 0.596 0.541   0.167   0.104            0.201        0.057             0.842
                 V3 0.564 0.476 0.645    0.494   0.661 -0.016    -0.039     0.007      -0.011   -0.019      -0.053       0.013        -0.010           -0.047            0.027 0.426 0.524   0.157   0.142           -0.089        0.083             0.210
                 V4 0.598 0.505 0.672    0.571   0.634  0.016    -0.061     0.100      -0.040    0.015      -0.067       0.099        -0.037           -0.143            0.044 0.574 0.526   0.160   0.140           -0.078        0.078             0.257
              V1cdf 0.575 0.489 0.663    0.538   0.630 -0.007    -0.064     0.057      -0.044   -0.008      -0.059       0.049        -0.041           -0.117            0.016 0.574 0.550   0.170   0.118            0.092        0.062             0.509
                V3d 0.541 0.451 0.626    0.474   0.632 -0.040    -0.064    -0.016      -0.040   -0.043      -0.076      -0.013        -0.039           -0.070           -0.009 0.404 0.513   0.154   0.132           -0.017        0.079             0.263
             V1star 0.607 0.524 0.685    0.563   0.669  0.025    -0.012     0.069      -0.005    0.024      -0.024       0.064        -0.002           -0.052            0.037 0.574 0.491   0.147   0.097            0.255        0.056             0.725
           V2_p0.30 0.506 0.393 0.601    0.453   0.579 -0.077    -0.164     0.013      -0.091   -0.078      -0.163       0.006        -0.091           -0.206           -0.001 0.617 0.532   0.163   0.105            0.197        0.058             0.818
           V2_p0.42 0.570 0.477 0.651    0.553   0.579 -0.012    -0.084     0.061      -0.091   -0.013      -0.088       0.057        -0.091           -0.219            0.003 0.574 0.565   0.176   0.106            0.184        0.056             0.821
            variant  dR_ERA5_7_28  dR_ERA5_7_28_lo  dR_ERA5_7_28_hi  POD_test  FAR_test  BS_clim  frac_p_0_or_1  spread_z  rmse_z  ismn_below_all_members  ismn_above_all_members  alpha  R_obs
  ERA5_0_100 (v1.0)           NaN              NaN              NaN     0.417     0.444    0.130            NaN       NaN     NaN                     NaN                     NaN    NaN    NaN
          ERA5_7_28           NaN              NaN              NaN     0.750     0.400    0.130            NaN       NaN     NaN                     NaN                     NaN    NaN    NaN
det_openloop_bucket           NaN              NaN              NaN     0.417     0.615    0.130            NaN       NaN     NaN                     NaN                     NaN    NaN    NaN
                 V0        -0.110           -0.159           -0.065     0.667     0.467    0.130          0.093     0.789   0.760                   0.019                   0.019  4.000    NaN
                 V1        -0.134           -0.207           -0.062     0.583     0.562    0.130          0.247     0.672   0.800                   0.029                   0.025  4.000  0.002
           V2_p0.36        -0.137           -0.209           -0.065     0.583     0.533    0.130          0.234     0.675   0.802                   0.034                   0.019  4.000  0.002
                 V3        -0.129           -0.183           -0.077     0.417     0.500    0.130          0.843     0.186   0.886                   0.404                   0.264  0.250  0.000
                 V4        -0.094           -0.167           -0.022     0.667     0.529    0.130          0.837     0.216   0.840                   0.294                   0.247  2.000  0.000
              V1cdf        -0.117           -0.186           -0.051     0.667     0.556    0.130          0.567     0.431   0.847                   0.121                   0.101  2.000  0.005
                V3d        -0.152           -0.210           -0.097     0.333     0.500    0.130          0.708     0.238   0.902                   0.314                   0.236  1.000  0.000
             V1star        -0.085           -0.136           -0.035     0.667     0.529    0.130          0.394     0.562   0.776                   0.051                   0.050  2.000  0.006
           V2_p0.30        -0.187           -0.272           -0.106     0.583     0.533    0.130          0.237     0.685   0.837                   0.028                   0.023  4.000  0.002
           V2_p0.42        -0.122           -0.202           -0.047     0.583     0.562    0.130          0.247     0.652   0.794                   0.037                   0.025  4.000  0.002
reliability V0:
       bin   n  p_mean  obs_freq variant
[0.0,0.1) 153   0.033     0.026      V0
[0.1,0.3) 115   0.184     0.165      V0
[0.3,0.5)  32   0.361     0.531      V0
[0.5,0.7)  12   0.547     0.583      V0
[0.7,0.9)   0     NaN       NaN      V0
[0.9,1.0]   0     NaN       NaN      V0
  Brier decomposition: {'rel': np.float64(0.0032), 'res': np.float64(0.0297), 'unc': np.float64(0.1279)}
reliability V1:
       bin   n  p_mean  obs_freq variant
[0.0,0.1) 188   0.019     0.027      V1
[0.1,0.3)  55   0.175     0.236      V1
[0.3,0.5)  44   0.396     0.386      V1
[0.5,0.7)  14   0.571     0.500      V1
[0.7,0.9)  11   0.738     0.455      V1
[0.9,1.0]   0     NaN       NaN      V1
  Brier decomposition: {'rel': np.float64(0.0038), 'res': np.float64(0.0271), 'unc': np.float64(0.1279)}
reliability V3:
       bin   n  p_mean  obs_freq variant
[0.0,0.1) 259   0.002     0.100      V3
[0.1,0.3)   7   0.160     0.143      V3
[0.3,0.5)   4   0.385     0.000      V3
[0.5,0.7)   4   0.548     0.000      V3
[0.7,0.9)   5   0.784     0.000      V3
[0.9,1.0]  33   0.981     0.606      V3
  Brier decomposition: {'rel': np.float64(0.0385), 'res': np.float64(0.025), 'unc': np.float64(0.1279)}
 variant period    R_used  R_desroziers  HBH_desroziers  HPbH_ens    NIS  mean_innov  innov_MJJ  innov_DJF    n  mean_gain
      V1  train  0.001646      0.001634       0.0009758 0.0009587 0.9945    0.003015   0.008243    0.00132 1001     0.3549
      V1   test  0.001646       0.00161        0.001097   0.00102 0.9817    0.006474   0.004804   0.006261  566     0.3674
   V1cdf  train  0.004987      0.005017       0.0005677 0.0005588  1.007    0.003371    0.04481   -0.03021 1001    0.09724
   V1cdf   test  0.004987      0.004582       0.0005422 0.0005416 0.9188     0.01039     0.0391   -0.02324  566    0.09442
      V3  train 5.965e-05     5.473e-05       0.0001191 0.0001486 0.9187   0.0007886   0.001694  0.0005526 1001     0.4871
      V3   test 5.965e-05         7e-05       0.0001477 0.0001539   1.17    0.002602   0.003441   0.005238  566      0.516
     V3d  train 5.316e-05      4.54e-05       0.0001604 0.0001422  0.856   0.0009915   0.001502   0.001056 1827      0.578
     V3d   test 5.316e-05     5.463e-05       0.0001425 0.0001244  1.026    0.002194   0.002408    0.00404 1461     0.5677
      V4  train 8.173e-05     6.647e-05       5.952e-05  5.46e-05 0.8114   0.0004889   0.002806 -0.0004157 1001     0.3729
      V4   test 8.173e-05     8.971e-05       7.589e-05 6.665e-05  1.097    0.001693   0.002769   0.002153  566     0.4188
V2_p0.36  train  0.001646      0.001632       0.0009757 0.0009612 0.9931    0.002632   0.007716  0.0009008 1001     0.3555
V2_p0.36   test  0.001646      0.001602         0.00109  0.001018 0.9768    0.005697   0.004308   0.005043  566      0.367
V1 - V0 root-zone theta2 difference: mean 0.0086, sd 0.0187 m3/m3; V0 root-zone temporal sd 0.0573
V2 theta_fc2 (end-of-year ensemble mean / sd):
      prior_0.30         prior_0.36         prior_0.42        
           mean      sd       mean      sd       mean      sd
2015     0.3109  0.0261     0.3678  0.0312     0.4242  0.0263
2016     0.3470  0.0179     0.3780  0.0201     0.4115  0.0190
2017     0.3437  0.0140     0.3712  0.0154     0.4020  0.0151
2018     0.3356  0.0112     0.3560  0.0117     0.3809  0.0120
2019     0.3459  0.0105     0.3647  0.0109     0.3847  0.0112
2020     0.3524  0.0106     0.3693  0.0107     0.3857  0.0107
2021     0.3484  0.0095     0.3643  0.0094     0.3795  0.0094
2022     0.3522  0.0114     0.3671  0.0115     0.3816  0.0115
2023     0.3548  0.0110     0.3682  0.0111     0.3809  0.0111
2024     0.3581  0.0132     0.3694  0.0132     0.3803  0.0133
spread of posterior means across the three priors at year end: {2016: 0.0645, 2017: 0.0582, 2018: 0.0453, 2019: 0.0387, 2020: 0.0333, 2021: 0.0311, 2022: 0.0294, 2023: 0.0261, 2024: 0.0222}
figures written
