R by year:
       ERA5_0_100     V0     V1     V3     V4  V1star
2016       0.694  0.720  0.802  0.663  0.869   0.775
2017       0.214  0.263  0.123  0.227  0.275   0.284
2018       0.344  0.454  0.545  0.424  0.591   0.487
2019       0.636  0.623  0.526  0.559  0.482   0.597
2020       0.247  0.287  0.347  0.254  0.396   0.490
2021       0.684  0.641  0.645  0.677  0.714   0.695
2022       0.717  0.679  0.626  0.629  0.712   0.664
2023       0.618  0.594  0.532  0.627  0.647   0.665
2024       0.552  0.535  0.587  0.604  0.486   0.570
V1 - V0 by year: {2016: 0.083, 2017: -0.14, 2018: 0.091, 2019: -0.097, 2020: 0.061, 2021: 0.004, 2022: -0.053, 2023: -0.062, 2024: 0.052}

Brier (dekads n=312, base rate train=0.199): {'V0': 0.1026, 'V1': 0.1022, 'V1star': 0.0971, 'ERA5det': 0.141, 'clim': 0.1303}
      a       b     dBS      lo      hi   n
     V1      V0 -0.0004 -0.0157  0.0175 312
     V0    clim -0.0277 -0.0345 -0.0198 312
     V1    clim -0.0281 -0.0459 -0.0086 312
     V1 ERA5det -0.0388 -0.0962  0.0076 312
     V0 ERA5det -0.0385 -0.0845 -0.0023 312
 V1star      V0 -0.0055 -0.0165  0.0032 312
ERA5det    clim  0.0108 -0.0259  0.0553 312

V1-V0 root-zone difference autocorrelation by lag (days): {1: 0.987, 5: 0.927, 10: 0.842, 30: 0.554, 60: 0.294, 90: 0.104}
V0_a0.25: R=0.580 [0.494,0.663]
V0_a1.0: R=0.581 [0.496,0.665]
V0_a2.0: R=0.582 [0.495,0.667]
V0_a4.0: R=0.582 [0.494,0.664]
