S-1 after QC: 1567 acquisitions -> 1567 analysis days ({2016: 147, 2017: 219, 2018: 205, 2019: 190, 2020: 240, 2021: 223, 2022: 112, 2023: 112, 2024: 119})
SWI T grid (training years): [{'T': 5, 'R_train': 0.468, 'n': 1630}, {'T': 10, 'R_train': 0.503, 'n': 1630}, {'T': 15, 'R_train': 0.508, 'n': 1630}, {'T': 20, 'R_train': 0.505, 'n': 1630}, {'T': 30, 'R_train': 0.499, 'n': 1630}, {'T': 40, 'R_train': 0.496, 'n': 1630}] -> T = 15.0
[S1_seasonal] tuning (train 2016-2020):
 alpha  R_used       R      HBH     HPbH   NIS  mean_d    n
  0.25 0.00253 0.00253 0.000303 0.000264     1 0.00366 1001
   0.5 0.00251 0.00251 0.000313 0.000274     1 0.00364 1001
     1 0.00244 0.00244 0.000354 0.000316     1 0.00357 1001
     2  0.0022  0.0022 0.000504 0.000467     1 0.00335 1001
     4 0.00165 0.00163 0.000976 0.000959 0.994 0.00301 1001
 -> alpha=4.0, R=0.00165 (sd 0.0406)
[S1_cdf] tuning (train 2016-2020):
 alpha  R_used       R      HBH     HPbH  NIS  mean_d    n
  0.25 0.00592 0.00594 0.000302 0.000315    1 0.00142 1001
   0.5 0.00586 0.00588 0.000316 0.000328    1 0.00163 1001
     1 0.00565 0.00567  0.00037 0.000377    1 0.00225 1001
     2 0.00499 0.00502 0.000568 0.000559 1.01 0.00337 1001
     4 0.00359 0.00361  0.00118  0.00115 1.01 0.00404 1001
 -> alpha=2.0, R=0.00499 (sd 0.0706)
[E5L1_s1days] tuning (train 2016-2020):
 alpha   R_used        R      HBH     HPbH   NIS   mean_d    n
  0.25 5.97e-05 5.47e-05 0.000119 0.000149 0.919 0.000789 1001
   0.5 5.43e-05 4.85e-05 0.000123 0.000154 0.893 0.000764 1001
     1 4.03e-05 3.23e-05 0.000134 0.000177 0.802 0.000703 1001
     2 1.82e-05    1e-05 0.000155 0.000271 0.547 0.000696 1001
     4 3.78e-06 9.52e-07 0.000171 0.000667 0.237  0.00112 1001
 -> alpha=0.25, R=5.97e-05 (sd 0.0077)
[E5L1_daily] tuning (train 2016-2020):
 alpha   R_used        R      HBH     HPbH   NIS   mean_d    n
  0.25 7.58e-05 7.14e-05 0.000145  0.00012 0.942   0.0013 1827
   0.5 6.94e-05  6.4e-05 0.000149 0.000125 0.923  0.00123 1827
     1 5.32e-05 4.54e-05  0.00016 0.000142 0.856 0.000991 1827
     2 2.65e-05 1.69e-05 0.000185 0.000211  0.64 0.000632 1827
     4 6.13e-06 1.81e-06 0.000205 0.000506 0.304 0.000654 1827
 -> alpha=1.0, R=5.32e-05 (sd 0.0073)
[SWI] tuning (train 2016-2020):
 alpha   R_used        R      HBH     HPbH   NIS   mean_d    n
  0.25 0.000198 0.000186 4.27e-05 3.86e-05  0.94 0.000713 1001
   0.5 0.000188 0.000176  4.4e-05 3.99e-05 0.932 0.000728 1001
     1 0.000153 0.000138 4.88e-05  4.4e-05 0.902 0.000709 1001
     2 8.17e-05 6.65e-05 5.95e-05 5.46e-05 0.811 0.000489 1001
     4 2.45e-05 1.55e-05 7.42e-05 9.22e-05 0.633  0.00021 1001
 -> alpha=2.0, R=8.17e-05 (sd 0.0090)
tuning done in 29 s
V1: alpha=4.0 R_sd=0.0406 n_updates=1567 (31 s)
V3: alpha=0.25 R_sd=0.0077 n_updates=1567 (31 s)
V4: alpha=2.0 R_sd=0.0090 n_updates=1567 (32 s)
V1cdf: alpha=2.0 R_sd=0.0706 n_updates=1567 (32 s)
V3d: alpha=1.0 R_sd=0.0073 n_updates=3288 (33 s)
V2_p0.30: alpha=4.0 R_sd=0.0406 n_updates=1567 (34 s)
V2_p0.36: alpha=4.0 R_sd=0.0406 n_updates=1567 (34 s)
V2_p0.42: alpha=4.0 R_sd=0.0406 n_updates=1567 (35 s)
V1* grid (training-year R vs ISMN):
  alpha  R_sd  R_train
  0.25  0.02    0.483
  0.25  0.04    0.551
  0.25  0.08    0.559
  0.50  0.02    0.485
  0.50  0.04    0.551
  0.50  0.08    0.561
  1.00  0.02    0.486
  1.00  0.04    0.549
  1.00  0.08    0.563
  2.00  0.02    0.486
  2.00  0.04    0.540
  2.00  0.08    0.563
  4.00  0.02    0.479
  4.00  0.04    0.522
  4.00  0.08    0.553
settings run: 133 (of which chosen with ISMN on training years: 22); total 44 s
