           variant           anomaly_ref subset   pod   far  hits  misses  false_alarms   n  pod_lo  pod_hi  far_lo  far_hi
       B0_ERA5L_RZ operational_1991-2020    all 0.574 0.571    27      20            36 312   0.212   0.826   0.424   0.800
       B0_ERA5L_RZ operational_1991-2020   IV-X 0.586 0.614    17      12            27 182   0.000   0.844   0.350   1.000
       B0_ERA5L_RZ      common_2016-2024    all 0.511 0.467    24      23            21 312   0.242   0.659   0.364   0.550
       B0_ERA5L_RZ      common_2016-2024   IV-X 0.414 0.478    12      17            11 182   0.000   0.622   0.300   1.000
     V1_WB_vine_SR operational_1991-2020    all 0.362 0.528    17      30            19 312   0.187   0.514   0.424   0.714
     V1_WB_vine_SR operational_1991-2020   IV-X 0.207 0.684     6      23            13 182   0.000   0.526   0.450   1.000
     V1_WB_vine_SR      common_2016-2024    all 0.362 0.528    17      30            19 312   0.216   0.519   0.391   0.647
     V1_WB_vine_SR      common_2016-2024   IV-X 0.172 0.667     5      24            10 182   0.000   0.526   0.417   1.000
    V2_WB_vine_10m operational_1991-2020    all 0.362 0.528    17      30            19 312   0.187   0.514   0.424   0.714
    V2_WB_vine_10m operational_1991-2020   IV-X 0.207 0.684     6      23            13 182   0.000   0.526   0.450   1.000
    V2_WB_vine_10m      common_2016-2024    all 0.383 0.526    18      29            20 312   0.216   0.522   0.438   0.652
    V2_WB_vine_10m      common_2016-2024   IV-X 0.207 0.647     6      23            11 182   0.000   0.526   0.444   1.000
   V3_WB_vine_clim operational_1991-2020    all 0.426 0.524    20      27            22 312   0.187   0.585   0.421   0.750
   V3_WB_vine_clim operational_1991-2020   IV-X 0.310 0.640     9      20            16 182   0.000   0.550   0.415   1.000
   V3_WB_vine_clim      common_2016-2024    all 0.447 0.500    21      26            21 312   0.242   0.571   0.389   0.667
   V3_WB_vine_clim      common_2016-2024   IV-X 0.276 0.600     8      21            12 182   0.000   0.545   0.394   1.000
     V4_WB_station operational_1991-2020    all 0.383 0.538    18      29            21 312   0.187   0.528   0.413   0.778
     V4_WB_station operational_1991-2020   IV-X 0.241 0.682     7      22            15 182   0.000   0.526   0.409   1.000
     V4_WB_station      common_2016-2024    all 0.447 0.462    21      26            18 312   0.259   0.610   0.364   0.600
     V4_WB_station      common_2016-2024   IV-X 0.241 0.588     7      22            10 182   0.000   0.526   0.360   1.000
V5_WB_vine_SR_cvZr operational_1991-2020    all 0.426 0.375    20      27            12 312   0.256   0.585   0.192   0.588
V5_WB_vine_SR_cvZr operational_1991-2020   IV-X 0.241 0.462     7      22             6 182   0.070   0.600   0.200   0.800
V5_WB_vine_SR_cvZr      common_2016-2024    all 0.426 0.429    20      27            15 312   0.276   0.600   0.263   0.581
V5_WB_vine_SR_cvZr      common_2016-2024   IV-X 0.207 0.400     6      23             4 182   0.070   0.579   0.000   0.667
    V6_SPEI30_like operational_1991-2020    all 0.426 0.600    20      27            30 312   0.275   0.667   0.426   0.809
    V6_SPEI30_like operational_1991-2020   IV-X 0.379 0.676    11      18            23 182   0.190   0.750   0.454   0.875
    V6_SPEI30_like      common_2016-2024    all 0.426 0.556    20      27            25 312   0.302   0.639   0.392   0.750
    V6_SPEI30_like      common_2016-2024   IV-X 0.379 0.542    11      18            13 182   0.209   0.750   0.344   0.800
    D_ERA5L_0-28cm operational_1991-2020    all 0.489 0.531    23      24            26 312   0.293   0.629   0.352   0.767
    D_ERA5L_0-28cm operational_1991-2020   IV-X 0.379 0.676    11      18            23 182   0.182   0.667   0.435   0.905
    D_ERA5L_0-28cm      common_2016-2024    all 0.617 0.408    29      18            20 312   0.476   0.800   0.327   0.567
    D_ERA5L_0-28cm      common_2016-2024   IV-X 0.448 0.500    13      16            13 182   0.263   0.750   0.316   0.789
