           variant    reference subset     r    lo    hi    n  baseline_same_dates  delta_r  delta_lo_30d  delta_hi_30d  delta_lo_year  delta_hi_year
       B0_ERA5L_RZ ISMN_20_30cm    all 0.583 0.500 0.665 2976                  NaN      NaN           NaN           NaN            NaN            NaN
       B0_ERA5L_RZ    ISMN_10cm    all 0.474 0.367 0.569 1620                  NaN      NaN           NaN           NaN            NaN            NaN
       B0_ERA5L_RZ ISMN_20_30cm   IV-X 0.627 0.526 0.713 1749                  NaN      NaN           NaN           NaN            NaN            NaN
       B0_ERA5L_RZ ISMN_20_30cm XI-III 0.520 0.366 0.657 1227                  NaN      NaN           NaN           NaN            NaN            NaN
     V1_WB_vine_SR ISMN_20_30cm    all 0.563 0.481 0.643 2976                0.583   -0.020        -0.066         0.024         -0.068          0.037
     V1_WB_vine_SR    ISMN_10cm    all 0.528 0.433 0.613 1620                0.474    0.054        -0.002         0.122         -0.019          0.127
     V1_WB_vine_SR ISMN_20_30cm   IV-X 0.530 0.411 0.628 1749                0.627   -0.097        -0.166        -0.034            NaN            NaN
     V1_WB_vine_SR ISMN_20_30cm XI-III 0.607 0.477 0.716 1227                0.520    0.088         0.031         0.151            NaN            NaN
    V2_WB_vine_10m ISMN_20_30cm    all 0.562 0.481 0.642 2976                0.583   -0.022        -0.068         0.023         -0.070          0.036
    V2_WB_vine_10m    ISMN_10cm    all 0.528 0.433 0.612 1620                0.474    0.054        -0.003         0.122         -0.021          0.128
    V2_WB_vine_10m ISMN_20_30cm   IV-X 0.528 0.410 0.626 1749                0.627   -0.099        -0.168        -0.036            NaN            NaN
    V2_WB_vine_10m ISMN_20_30cm XI-III 0.608 0.477 0.716 1227                0.520    0.088         0.031         0.151            NaN            NaN
   V3_WB_vine_clim ISMN_20_30cm    all 0.568 0.486 0.647 2976                0.583   -0.016        -0.060         0.028         -0.069          0.046
   V3_WB_vine_clim    ISMN_10cm    all 0.530 0.436 0.612 1620                0.474    0.056         0.002         0.120         -0.013          0.122
   V3_WB_vine_clim ISMN_20_30cm   IV-X 0.539 0.421 0.636 1749                0.627   -0.088        -0.155        -0.029            NaN            NaN
   V3_WB_vine_clim ISMN_20_30cm XI-III 0.608 0.476 0.715 1227                0.520    0.088         0.031         0.151            NaN            NaN
     V4_WB_station ISMN_20_30cm    all 0.570 0.492 0.646 2976                0.583   -0.013        -0.058         0.033         -0.062          0.047
     V4_WB_station    ISMN_10cm    all 0.550 0.464 0.629 1620                0.474    0.076         0.011         0.152         -0.016          0.151
     V4_WB_station ISMN_20_30cm   IV-X 0.538 0.429 0.632 1749                0.627   -0.089        -0.159        -0.026            NaN            NaN
     V4_WB_station ISMN_20_30cm XI-III 0.614 0.484 0.720 1227                0.520    0.094         0.034         0.161            NaN            NaN
    V6_SPEI30_like ISMN_20_30cm    all 0.542 0.445 0.621 2976                0.583   -0.041        -0.125         0.037         -0.105          0.037
    V6_SPEI30_like    ISMN_10cm    all 0.480 0.376 0.577 1620                0.474    0.006        -0.089         0.111         -0.134          0.105
    V6_SPEI30_like ISMN_20_30cm   IV-X 0.546 0.420 0.655 1749                0.627   -0.081        -0.185         0.012            NaN            NaN
    V6_SPEI30_like ISMN_20_30cm XI-III 0.536 0.411 0.643 1227                0.520    0.016        -0.120         0.141            NaN            NaN
    V7_SPEI60_like ISMN_20_30cm    all 0.513 0.412 0.597 2976                0.583   -0.071        -0.149         0.005         -0.149          0.016
    V7_SPEI60_like    ISMN_10cm    all 0.478 0.355 0.575 1620                0.474    0.005        -0.095         0.117         -0.126          0.132
    V7_SPEI60_like ISMN_20_30cm   IV-X 0.561 0.416 0.672 1749                0.627   -0.066        -0.157         0.017            NaN            NaN
    V7_SPEI60_like ISMN_20_30cm XI-III 0.441 0.309 0.561 1227                0.520   -0.079        -0.222         0.043            NaN            NaN
    V8_SPEI90_like ISMN_20_30cm    all 0.439 0.333 0.537 2976                0.583   -0.144        -0.211        -0.079         -0.233         -0.059
    V8_SPEI90_like    ISMN_10cm    all 0.441 0.325 0.551 1620                0.474   -0.033        -0.112         0.055         -0.108          0.040
    V8_SPEI90_like ISMN_20_30cm   IV-X 0.500 0.353 0.622 1749                0.627   -0.127        -0.212        -0.053            NaN            NaN
    V8_SPEI90_like ISMN_20_30cm XI-III 0.353 0.163 0.510 1227                0.520   -0.167        -0.288        -0.063            NaN            NaN
V5_WB_vine_SR_cvZr ISMN_20_30cm    all 0.572 0.487 0.649 2976                0.583   -0.012        -0.091         0.063         -0.082          0.067
V5_WB_vine_SR_cvZr    ISMN_10cm    all 0.530 0.434 0.615 1620                0.474    0.057        -0.043         0.158         -0.049          0.184
V5_WB_vine_SR_cvZr ISMN_20_30cm   IV-X 0.476 0.358 0.588 1749                0.627   -0.151        -0.255        -0.054            NaN            NaN
V5_WB_vine_SR_cvZr ISMN_20_30cm XI-III 0.708 0.609 0.784 1227                0.520    0.188         0.091         0.294            NaN            NaN
   V9_ERA5+WB_loyo ISMN_20_30cm    all 0.568 0.487 0.648 2976                0.583   -0.016        -0.036         0.004         -0.037          0.019
   V9_ERA5+WB_loyo    ISMN_10cm    all 0.523 0.424 0.612 1542                0.478    0.046         0.015         0.084          0.006          0.092
   V9_ERA5+WB_loyo ISMN_20_30cm   IV-X 0.582 0.474 0.678 1749                0.627   -0.045        -0.076        -0.017            NaN            NaN
   V9_ERA5+WB_loyo ISMN_20_30cm XI-III 0.547 0.397 0.675 1227                0.520    0.028         0.001         0.054            NaN            NaN
  B0_ERA5L_RZ_loyo ISMN_20_30cm    all 0.558 0.473 0.640 2976                0.583   -0.025        -0.035        -0.016         -0.039         -0.007
  B0_ERA5L_RZ_loyo    ISMN_10cm    all 0.491 0.379 0.589 1542                0.478    0.013         0.001         0.027         -0.003          0.023
  B0_ERA5L_RZ_loyo ISMN_20_30cm   IV-X 0.596 0.497 0.688 1749                0.627   -0.031        -0.043        -0.019            NaN            NaN
  B0_ERA5L_RZ_loyo ISMN_20_30cm XI-III 0.502 0.343 0.643 1227                0.520   -0.018        -0.034        -0.005            NaN            NaN
           variant           anomaly_ref   pod   far  hits  misses  false_alarms   n  pod_lo  pod_hi  far_lo  far_hi
       B0_ERA5L_RZ operational_1991-2020 0.574 0.571    27      20            36 312   0.212   0.826   0.424   0.800
       B0_ERA5L_RZ      common_2016-2024 0.511 0.467    24      23            21 312   0.242   0.659   0.364   0.550
     V1_WB_vine_SR operational_1991-2020 0.362 0.528    17      30            19 312   0.187   0.514   0.424   0.714
     V1_WB_vine_SR      common_2016-2024 0.362 0.528    17      30            19 312   0.216   0.519   0.391   0.647
    V2_WB_vine_10m operational_1991-2020 0.362 0.528    17      30            19 312   0.187   0.514   0.424   0.714
    V2_WB_vine_10m      common_2016-2024 0.383 0.526    18      29            20 312   0.216   0.522   0.438   0.652
   V3_WB_vine_clim operational_1991-2020 0.426 0.524    20      27            22 312   0.187   0.585   0.421   0.750
   V3_WB_vine_clim      common_2016-2024 0.447 0.500    21      26            21 312   0.242   0.571   0.389   0.667
     V4_WB_station operational_1991-2020 0.383 0.538    18      29            21 312   0.187   0.528   0.413   0.778
     V4_WB_station      common_2016-2024 0.447 0.462    21      26            18 312   0.259   0.610   0.364   0.600
    V6_SPEI30_like operational_1991-2020 0.426 0.600    20      27            30 312   0.275   0.667   0.426   0.809
    V6_SPEI30_like      common_2016-2024 0.426 0.556    20      27            25 312   0.302   0.639   0.392   0.750
    V7_SPEI60_like operational_1991-2020 0.319 0.706    15      32            36 312   0.138   0.500   0.526   0.917
    V7_SPEI60_like      common_2016-2024 0.404 0.587    19      28            27 312   0.194   0.588   0.457   0.800
    V8_SPEI90_like operational_1991-2020 0.255 0.782    12      35            43 312   0.111   0.340   0.618   0.930
    V8_SPEI90_like      common_2016-2024 0.234 0.725    11      36            29 312   0.121   0.342   0.621   0.852
V5_WB_vine_SR_cvZr operational_1991-2020 0.426 0.375    20      27            12 312   0.256   0.585   0.192   0.588
V5_WB_vine_SR_cvZr      common_2016-2024 0.426 0.429    20      27            15 312   0.276   0.600   0.263   0.581
      B0_ERA5L_RZ  B0_ERA5L_RZ__base_same_days  V1_WB_vine_SR  V1_WB_vine_SR__base_same_days  V2_WB_vine_10m  V2_WB_vine_10m__base_same_days  V3_WB_vine_clim  V3_WB_vine_clim__base_same_days  V4_WB_station  V4_WB_station__base_same_days  V5_WB_vine_SR_cvZr  V5_WB_vine_SR_cvZr__base_same_days  V6_SPEI30_like  V6_SPEI30_like__base_same_days  V7_SPEI60_like  V7_SPEI60_like__base_same_days  V8_SPEI90_like  V8_SPEI90_like__base_same_days  V9_ERA5+WB_loyo  V9_ERA5+WB_loyo__base_same_days
2016         0.69                         0.69           0.71                           0.69            0.72                            0.69             0.70                             0.69           0.75                           0.69                0.55                                0.69            0.65                            0.69            0.67                            0.69            0.66                            0.69             0.73                             0.69
2017         0.21                         0.21           0.18                           0.21            0.18                            0.21             0.21                             0.21           0.21                           0.21                0.43                                0.21            0.56                            0.21            0.37                            0.21            0.10                            0.21             0.20                             0.21
2018         0.34                         0.34           0.50                           0.34            0.50                            0.34             0.51                             0.34           0.53                           0.34                0.54                                0.34            0.44                            0.34            0.52                            0.34            0.34                            0.34             0.43                             0.34
2019         0.64                         0.64           0.70                           0.64            0.70                            0.64             0.71                             0.64           0.68                           0.64                0.70                                0.64            0.56                            0.64            0.50                            0.64            0.52                            0.64             0.69                             0.64
2020         0.25                         0.25           0.46                           0.25            0.45                            0.25             0.47                             0.25           0.44                           0.25                0.55                                0.25            0.45                            0.25            0.15                            0.25            0.03                            0.25             0.33                             0.25
2021         0.68                         0.68           0.58                           0.68            0.58                            0.68             0.57                             0.68           0.57                           0.68                0.56                                0.68            0.61                            0.68            0.53                            0.68            0.40                            0.68             0.65                             0.68
2022         0.72                         0.72           0.72                           0.72            0.72                            0.72             0.71                             0.72           0.75                           0.72                0.54                                0.72            0.55                            0.72            0.46                            0.72            0.39                            0.72             0.75                             0.72
2023         0.62                         0.62           0.55                           0.62            0.54                            0.62             0.55                             0.62           0.58                           0.62                0.62                                0.62            0.60                            0.62            0.49                            0.62            0.20                            0.62             0.62                             0.62
2024         0.55                         0.55           0.45                           0.55            0.45                            0.55             0.45                             0.55           0.40                           0.55                0.52                                0.55            0.44                            0.55            0.44                            0.55            0.20                            0.55             0.56                             0.55
{
 "n_days_all_defined": 2976,
 "r_era_vs_wb_vineSR": 0.8627362895871502,
 "r_wb_vs_wbclim": 0.9965085008245794,
 "partial_r_y_wb_given_era": 0.14514522255671913,
 "partial_r_y_wb_given_era_ci": [
  0.03494652772916351,
  0.2514837457656835
 ],
 "partial_r_y_wbst_given_era": 0.16941649180665452,
 "partial_r_y_wbst_given_era_ci": [
  0.07348586928754237,
  0.2678695040506647
 ],
 "partial_r_y_spei30_given_era": 0.27052722207659513,
 "partial_r_y_spei30_given_era_ci": [
  0.15393259476324503,
  0.3714708801675803
 ],
 "partial_r_y_S2component_given_era_and_wbclim": -0.019863533991289272,
 "std_z_wb_vineSR": 0.9518497394589557,
 "std_S2component_z_all": 0.07960009943035533,
 "std_S2component_z_IV-X": 0.10296150033463633,
 "V9_loyo_coefs_mean[intercept,era,wb]": [
  -0.011503244859751441,
  0.3747855623637129,
  0.23170358970330573
 ],
 "V9_loyo_coefs_min": [
  -0.07518685331580154,
  0.30851592883053164,
  0.18843363266464905
 ],
 "V9_loyo_coefs_max": [
  0.021431768162935058,
  0.46224507954909766,
  0.2964886457500144
 ],
 "V5_zr_choices": [
  0.5,
  0.75,
  0.75,
  0.5,
  0.75,
  0.5,
  0.5,
  0.75,
  0.5
 ],
 "frac_days_RSW_eq_1_V1": 0.06599756690997567,
 "annual_ETa_mm_V1_2016_2024": [
  586.0,
  619.0,
  730.0,
  601.0,
  673.0,
  648.0,
  610.0,
  655.0,
  815.0
 ],
 "annual_ETa_mm_V4_2016_2024": [
  584.0,
  615.0,
  743.0,
  598.0,
  669.0,
  648.0,
  608.0,
  653.0,
  816.0
 ],
 "annual_DP_mm_V1_2016_2024": [
  110.0,
  0.0,
  122.0,
  219.0,
  90.0,
  140.0,
  44.0,
  192.0,
  91.0
 ]
}
